../Core/Src/main.c:79:5:main	8	static
../Core/Src/main.c:151:6:SystemClock_Config	72	static
../Core/Src/main.c:192:6:HAL_GPIO_EXTI_Callback	16	static
../Core/Src/main.c:226:6:HAL_TIM_PeriodElapsedCallback	24	static
../Core/Src/main.c:250:6:get_brushed_DIR	8	static
../Core/Src/main.c:275:6:get_brushed_PWM	4	static
../Core/Src/main.c:293:6:get_hand_DIR	8	static
../Core/Src/main.c:310:6:get_hand_PWM	4	static
../Core/Src/main.c:320:6:unload_payload	8	static
../Core/Src/main.c:335:6:Error_Handler	4	static,ignoring_inline_asm
