../Core/Src/NRF24L01.c:21:6:ce_enable	8	static
../Core/Src/NRF24L01.c:25:6:ce_disable	8	static
../Core/Src/NRF24L01.c:31:6:csn_select	8	static
../Core/Src/NRF24L01.c:35:6:csn_unselect	8	static
../Core/Src/NRF24L01.c:42:6:nrf24_write_reg	24	static
../Core/Src/NRF24L01.c:57:6:nrf24_write_reg_multi	32	static
../Core/Src/NRF24L01.c:72:9:nrf24_read_reg	24	static
../Core/Src/NRF24L01.c:88:6:nrf24_read_reg_multi	24	static
../Core/Src/NRF24L01.c:102:6:nrf24_write_cmd	16	static
../Core/Src/NRF24L01.c:115:6:NRF24_init	8	static
../Core/Src/NRF24L01.c:134:6:NRF24_TX_mode	24	static
../Core/Src/NRF24L01.c:151:9:NRF24_transmit	24	static
../Core/Src/NRF24L01.c:187:6:NRF24_RX_mode	24	static
../Core/Src/NRF24L01.c:212:9:is_data_received	24	static
../Core/Src/NRF24L01.c:226:6:NRF24_receive	16	static
