Archive member included to satisfy reference by file (symbol)

/Applications/STM32CubeIDE.app/Contents/Eclipse/plugins/com.st.stm32cube.ide.mcu.externaltools.gnu-tools-for-stm32.11.3.rel1.macos64_1.1.100.202310310803/tools/bin/../lib/gcc/arm-none-eabi/11.3.1/../../../../arm-none-eabi/lib/thumb/v7-m/nofp/libc_nano.a(libc_a-calloc.o)
                              ./Core/Src/NRF24L01.o (calloc)
/Applications/STM32CubeIDE.app/Contents/Eclipse/plugins/com.st.stm32cube.ide.mcu.externaltools.gnu-tools-for-stm32.11.3.rel1.macos64_1.1.100.202310310803/tools/bin/../lib/gcc/arm-none-eabi/11.3.1/../../../../arm-none-eabi/lib/thumb/v7-m/nofp/libc_nano.a(libc_a-callocr.o)
                              /Applications/STM32CubeIDE.app/Contents/Eclipse/plugins/com.st.stm32cube.ide.mcu.externaltools.gnu-tools-for-stm32.11.3.rel1.macos64_1.1.100.202310310803/tools/bin/../lib/gcc/arm-none-eabi/11.3.1/../../../../arm-none-eabi/lib/thumb/v7-m/nofp/libc_nano.a(libc_a-calloc.o) (_calloc_r)
/Applications/STM32CubeIDE.app/Contents/Eclipse/plugins/com.st.stm32cube.ide.mcu.externaltools.gnu-tools-for-stm32.11.3.rel1.macos64_1.1.100.202310310803/tools/bin/../lib/gcc/arm-none-eabi/11.3.1/../../../../arm-none-eabi/lib/thumb/v7-m/nofp/libc_nano.a(libc_a-exit.o)
                              /Applications/STM32CubeIDE.app/Contents/Eclipse/plugins/com.st.stm32cube.ide.mcu.externaltools.gnu-tools-for-stm32.11.3.rel1.macos64_1.1.100.202310310803/tools/bin/../lib/gcc/arm-none-eabi/11.3.1/../../../../arm-none-eabi/lib/thumb/v7-m/nofp/crt0.o (exit)
/Applications/STM32CubeIDE.app/Contents/Eclipse/plugins/com.st.stm32cube.ide.mcu.externaltools.gnu-tools-for-stm32.11.3.rel1.macos64_1.1.100.202310310803/tools/bin/../lib/gcc/arm-none-eabi/11.3.1/../../../../arm-none-eabi/lib/thumb/v7-m/nofp/libc_nano.a(libc_a-malloc.o)
                              ./Core/Src/NRF24L01.o (free)
/Applications/STM32CubeIDE.app/Contents/Eclipse/plugins/com.st.stm32cube.ide.mcu.externaltools.gnu-tools-for-stm32.11.3.rel1.macos64_1.1.100.202310310803/tools/bin/../lib/gcc/arm-none-eabi/11.3.1/../../../../arm-none-eabi/lib/thumb/v7-m/nofp/libc_nano.a(libc_a-mallocr.o)
                              /Applications/STM32CubeIDE.app/Contents/Eclipse/plugins/com.st.stm32cube.ide.mcu.externaltools.gnu-tools-for-stm32.11.3.rel1.macos64_1.1.100.202310310803/tools/bin/../lib/gcc/arm-none-eabi/11.3.1/../../../../arm-none-eabi/lib/thumb/v7-m/nofp/libc_nano.a(libc_a-callocr.o) (_malloc_r)
/Applications/STM32CubeIDE.app/Contents/Eclipse/plugins/com.st.stm32cube.ide.mcu.externaltools.gnu-tools-for-stm32.11.3.rel1.macos64_1.1.100.202310310803/tools/bin/../lib/gcc/arm-none-eabi/11.3.1/../../../../arm-none-eabi/lib/thumb/v7-m/nofp/libc_nano.a(libc_a-mlock.o)
                              /Applications/STM32CubeIDE.app/Contents/Eclipse/plugins/com.st.stm32cube.ide.mcu.externaltools.gnu-tools-for-stm32.11.3.rel1.macos64_1.1.100.202310310803/tools/bin/../lib/gcc/arm-none-eabi/11.3.1/../../../../arm-none-eabi/lib/thumb/v7-m/nofp/libc_nano.a(libc_a-mallocr.o) (__malloc_lock)
/Applications/STM32CubeIDE.app/Contents/Eclipse/plugins/com.st.stm32cube.ide.mcu.externaltools.gnu-tools-for-stm32.11.3.rel1.macos64_1.1.100.202310310803/tools/bin/../lib/gcc/arm-none-eabi/11.3.1/../../../../arm-none-eabi/lib/thumb/v7-m/nofp/libc_nano.a(libc_a-findfp.o)
                              /Applications/STM32CubeIDE.app/Contents/Eclipse/plugins/com.st.stm32cube.ide.mcu.externaltools.gnu-tools-for-stm32.11.3.rel1.macos64_1.1.100.202310310803/tools/bin/../lib/gcc/arm-none-eabi/11.3.1/../../../../arm-none-eabi/lib/thumb/v7-m/nofp/libc_nano.a(libc_a-exit.o) (__stdio_exit_handler)
/Applications/STM32CubeIDE.app/Contents/Eclipse/plugins/com.st.stm32cube.ide.mcu.externaltools.gnu-tools-for-stm32.11.3.rel1.macos64_1.1.100.202310310803/tools/bin/../lib/gcc/arm-none-eabi/11.3.1/../../../../arm-none-eabi/lib/thumb/v7-m/nofp/libc_nano.a(libc_a-fwalk.o)
                              /Applications/STM32CubeIDE.app/Contents/Eclipse/plugins/com.st.stm32cube.ide.mcu.externaltools.gnu-tools-for-stm32.11.3.rel1.macos64_1.1.100.202310310803/tools/bin/../lib/gcc/arm-none-eabi/11.3.1/../../../../arm-none-eabi/lib/thumb/v7-m/nofp/libc_nano.a(libc_a-findfp.o) (_fwalk_sglue)
/Applications/STM32CubeIDE.app/Contents/Eclipse/plugins/com.st.stm32cube.ide.mcu.externaltools.gnu-tools-for-stm32.11.3.rel1.macos64_1.1.100.202310310803/tools/bin/../lib/gcc/arm-none-eabi/11.3.1/../../../../arm-none-eabi/lib/thumb/v7-m/nofp/libc_nano.a(libc_a-memset.o)
                              /Applications/STM32CubeIDE.app/Contents/Eclipse/plugins/com.st.stm32cube.ide.mcu.externaltools.gnu-tools-for-stm32.11.3.rel1.macos64_1.1.100.202310310803/tools/bin/../lib/gcc/arm-none-eabi/11.3.1/../../../../arm-none-eabi/lib/thumb/v7-m/nofp/crt0.o (memset)
[...]
Memory Configuration

Name             Origin             Length             Attributes
RAM              0x0000000020000000 0x0000000000005000 xrw
FLASH            0x0000000008000000 0x0000000000010000 xr
*default*        0x0000000000000000 0xffffffffffffffff

Linker script and memory map

LOAD /Applications/STM32CubeIDE.app/Contents/Eclipse/plugins/com.st.stm32cube.ide.mcu.externaltools.gnu-tools-for-stm32.11.3.rel1.macos64_1.1.100.202310310803/tools/bin/../lib/gcc/arm-none-eabi/11.3.1/thumb/v7-m/nofp/crti.o
LOAD /Applications/STM32CubeIDE.app/Contents/Eclipse/plugins/com.st.stm32cube.ide.mcu.externaltools.gnu-tools-for-stm32.11.3.rel1.macos64_1.1.100.202310310803/tools/bin/../lib/gcc/arm-none-eabi/11.3.1/thumb/v7-m/nofp/crtbegin.o
LOAD /Applications/STM32CubeIDE.app/Contents/Eclipse/plugins/com.st.stm32cube.ide.mcu.externaltools.gnu-tools-for-stm32.11.3.rel1.macos64_1.1.100.202310310803/tools/bin/../lib/gcc/arm-none-eabi/11.3.1/../../../../arm-none-eabi/lib/thumb/v7-m/nofp/crt0.o
LOAD ./Core/Src/NRF24L01.o
LOAD ./Core/Src/gpio.o
LOAD ./Core/Src/main.o
LOAD ./Core/Src/spi.o
LOAD ./Core/Src/stm32f1xx_hal_msp.o
LOAD ./Core/Src/stm32f1xx_it.o
LOAD ./Core/Src/syscalls.o
LOAD ./Core/Src/sysmem.o
LOAD ./Core/Src/system_stm32f1xx.o
LOAD ./Core/Src/tim.o
LOAD ./Core/Startup/startup_stm32f103c8tx.o
LOAD ./Drivers/STM32F1xx_HAL_Driver/Src/stm32f1xx_hal.o
LOAD ./Drivers/STM32F1xx_HAL_Driver/Src/stm32f1xx_hal_cortex.o
LOAD ./Drivers/STM32F1xx_HAL_Driver/Src/stm32f1xx_hal_dma.o
LOAD ./Drivers/STM32F1xx_HAL_Driver/Src/stm32f1xx_hal_exti.o
LOAD ./Drivers/STM32F1xx_HAL_Driver/Src/stm32f1xx_hal_flash.o
LOAD ./Drivers/STM32F1xx_HAL_Driver/Src/stm32f1xx_hal_flash_ex.o
LOAD ./Drivers/STM32F1xx_HAL_Driver/Src/stm32f1xx_hal_gpio.o
LOAD ./Drivers/STM32F1xx_HAL_Driver/Src/stm32f1xx_hal_gpio_ex.o
LOAD ./Drivers/STM32F1xx_HAL_Driver/Src/stm32f1xx_hal_pwr.o
LOAD ./Drivers/STM32F1xx_HAL_Driver/Src/stm32f1xx_hal_rcc.o
LOAD ./Drivers/STM32F1xx_HAL_Driver/Src/stm32f1xx_hal_rcc_ex.o
LOAD ./Drivers/STM32F1xx_HAL_Driver/Src/stm32f1xx_hal_spi.o
LOAD ./Drivers/STM32F1xx_HAL_Driver/Src/stm32f1xx_hal_tim.o
LOAD ./Drivers/STM32F1xx_HAL_Driver/Src/stm32f1xx_hal_tim_ex.o
START GROUP
LOAD /Applications/STM32CubeIDE.app/Contents/Eclipse/plugins/com.st.stm32cube.ide.mcu.externaltools.gnu-tools-for-stm32.11.3.rel1.macos64_1.1.100.202310310803/tools/bin/../lib/gcc/arm-none-eabi/11.3.1/../../../../arm-none-eabi/lib/thumb/v7-m/nofp/libc_nano.a
LOAD /Applications/STM32CubeIDE.app/Contents/Eclipse/plugins/com.st.stm32cube.ide.mcu.externaltools.gnu-tools-for-stm32.11.3.rel1.macos64_1.1.100.202310310803/tools/bin/../lib/gcc/arm-none-eabi/11.3.1/../../../../arm-none-eabi/lib/thumb/v7-m/nofp/libm.a
END GROUP
START GROUP
LOAD /Applications/STM32CubeIDE.app/Contents/Eclipse/plugins/com.st.stm32cube.ide.mcu.externaltools.gnu-tools-for-stm32.11.3.rel1.macos64_1.1.100.202310310803/tools/bin/../lib/gcc/arm-none-eabi/11.3.1/thumb/v7-m/nofp/libgcc.a
LOAD /Applications/STM32CubeIDE.app/Contents/Eclipse/plugins/com.st.stm32cube.ide.mcu.externaltools.gnu-tools-for-stm32.11.3.rel1.macos64_1.1.100.202310310803/tools/bin/../lib/gcc/arm-none-eabi/11.3.1/../../../../arm-none-eabi/lib/thumb/v7-m/nofp/libc_nano.a
END GROUP
START GROUP
LOAD /Applications/STM32CubeIDE.app/Contents/Eclipse/plugins/com.st.stm32cube.ide.mcu.externaltools.gnu-tools-for-stm32.11.3.rel1.macos64_1.1.100.202310310803/tools/bin/../lib/gcc/arm-none-eabi/11.3.1/thumb/v7-m/nofp/libgcc.a
LOAD /Applications/STM32CubeIDE.app/Contents/Eclipse/plugins/com.st.stm32cube.ide.mcu.externaltools.gnu-tools-for-stm32.11.3.rel1.macos64_1.1.100.202310310803/tools/bin/../lib/gcc/arm-none-eabi/11.3.1/../../../../arm-none-eabi/lib/thumb/v7-m/nofp/libc_nano.a
LOAD /Applications/STM32CubeIDE.app/Contents/Eclipse/plugins/com.st.stm32cube.ide.mcu.externaltools.gnu-tools-for-stm32.11.3.rel1.macos64_1.1.100.202310310803/tools/bin/../lib/gcc/arm-none-eabi/11.3.1/../../../../arm-none-eabi/lib/thumb/v7-m/nofp/libnosys.a
END GROUP
START GROUP
LOAD /Applications/STM32CubeIDE.app/Contents/Eclipse/plugins/com.st.stm32cube.ide.mcu.externaltools.gnu-tools-for-stm32.11.3.rel1.macos64_1.1.100.202310310803/tools/bin/../lib/gcc/arm-none-eabi/11.3.1/thumb/v7-m/nofp/libgcc.a
LOAD /Applications/STM32CubeIDE.app/Contents/Eclipse/plugins/com.st.stm32cube.ide.mcu.externaltools.gnu-tools-for-stm32.11.3.rel1.macos64_1.1.100.202310310803/tools/bin/../lib/gcc/arm-none-eabi/11.3.1/../../../../arm-none-eabi/lib/thumb/v7-m/nofp/libc_nano.a
LOAD /Applications/STM32CubeIDE.app/Contents/Eclipse/plugins/com.st.stm32cube.ide.mcu.externaltools.gnu-tools-for-stm32.11.3.rel1.macos64_1.1.100.202310310803/tools/bin/../lib/gcc/arm-none-eabi/11.3.1/../../../../arm-none-eabi/lib/thumb/v7-m/nofp/libnosys.a
END GROUP
LOAD /Applications/STM32CubeIDE.app/Contents/Eclipse/plugins/com.st.stm32cube.ide.mcu.externaltools.gnu-tools-for-stm32.11.3.rel1.macos64_1.1.100.202310310803/tools/bin/../lib/gcc/arm-none-eabi/11.3.1/thumb/v7-m/nofp/crtend.o
LOAD /Applications/STM32CubeIDE.app/Contents/Eclipse/plugins/com.st.stm32cube.ide.mcu.externaltools.gnu-tools-for-stm32.11.3.rel1.macos64_1.1.100.202310310803/tools/bin/../lib/gcc/arm-none-eabi/11.3.1/thumb/v7-m/nofp/crtn.o
                0x0000000020005000                _estack = (ORIGIN (RAM) + LENGTH (RAM))
                0x0000000000000200                _Min_Heap_Size = 0x200
                0x0000000000000400                _Min_Stack_Size = 0x400

.isr_vector     0x0000000008000000      0x10c
                0x0000000008000000                . = ALIGN (0x4)
 *(.isr_vector)
 .isr_vector    0x0000000008000000      0x10c ./Core/Startup/startup_stm32f103c8tx.o
                0x0000000008000000                g_pfnVectors
                0x000000000800010c                . = ALIGN (0x4)

.text           0x000000000800010c     0x3738
                0x000000000800010c                . = ALIGN (0x4)
 *(.text)
 .text          0x000000000800010c       0x40 /Applications/STM32CubeIDE.app/Contents/Eclipse/plugins/com.st.stm32cube.ide.mcu.externaltools.gnu-tools-for-stm32.11.3.rel1.macos64_1.1.100.202310310803/tools/bin/../lib/gcc/arm-none-eabi/11.3.1/thumb/v7-m/nofp/crtbegin.o
 *(.text*)
 .text.ce_enable
                0x000000000800014c       0x18 ./Core/Src/NRF24L01.o
                0x000000000800014c                ce_enable
 .text.ce_disable
                0x0000000008000164       0x18 ./Core/Src/NRF24L01.o
                0x0000000008000164                ce_disable
 .text.csn_select
                0x000000000800017c       0x18 ./Core/Src/NRF24L01.o
                0x000000000800017c                csn_select
 .text.csn_unselect
                0x0000000008000194       0x18 ./Core/Src/NRF24L01.o
                0x0000000008000194                csn_unselect
 .text.nrf24_write_reg
                0x00000000080001ac       0x44 ./Core/Src/NRF24L01.o
                0x00000000080001ac                nrf24_write_reg
 .text.nrf24_write_reg_multi
                0x00000000080001f0       0x68 ./Core/Src/NRF24L01.o
                0x00000000080001f0                nrf24_write_reg_multi
 .text.nrf24_read_reg
                0x0000000008000258       0x40 ./Core/Src/NRF24L01.o
                0x0000000008000258                nrf24_read_reg
 .text.NRF24_init
                0x0000000008000298       0x44 ./Core/Src/NRF24L01.o
                0x0000000008000298                NRF24_init
 .text.NRF24_RX_mode
                0x00000000080002dc       0x6e ./Core/Src/NRF24L01.o
                0x00000000080002dc                NRF24_RX_mode
 .text.is_data_received
                0x000000000800034a       0x4a ./Core/Src/NRF24L01.o
                0x000000000800034a                is_data_received
 .text.NRF24_receive
                0x0000000008000394       0x50 ./Core/Src/NRF24L01.o
                0x0000000008000394                NRF24_receive
 .text.MX_GPIO_Init
                0x00000000080003e4      0x15c ./Core/Src/gpio.o
                0x00000000080003e4                MX_GPIO_Init
 .text.main     0x0000000008000540       0x84 ./Core/Src/main.o
                0x0000000008000540                main
 .text.SystemClock_Config
                0x00000000080005c4       0x8a ./Core/Src/main.o
                0x00000000080005c4                SystemClock_Config
 *fill*         0x000000000800064e        0x2 
 .text.HAL_GPIO_EXTI_Callback
                0x0000000008000650       0x98 ./Core/Src/main.o
                0x0000000008000650                HAL_GPIO_EXTI_Callback
 .text.HAL_TIM_PeriodElapsedCallback
                0x00000000080006e8      0x100 ./Core/Src/main.o
                0x00000000080006e8                HAL_TIM_PeriodElapsedCallback
 .text.get_brushed_DIR
                0x00000000080007e8       0x80 ./Core/Src/main.o
                0x00000000080007e8                get_brushed_DIR
 .text.get_brushed_PWM
                0x0000000008000868       0x78 ./Core/Src/main.o
                0x0000000008000868                get_brushed_PWM
 .text.get_hand_DIR
                0x00000000080008e0       0x64 ./Core/Src/main.o
                0x00000000080008e0                get_hand_DIR
 .text.unload_payload
                0x0000000008000944       0x14 ./Core/Src/main.o
                0x0000000008000944                unload_payload
 .text.Error_Handler
                0x0000000008000958        0xa ./Core/Src/main.o
                0x0000000008000958                Error_Handler
 *fill*         0x0000000008000962        0x2 
 .text.MX_SPI1_Init
                0x0000000008000964       0x6c ./Core/Src/spi.o
                0x0000000008000964                MX_SPI1_Init
 .text.HAL_SPI_MspInit
                0x00000000080009d0       0xb4 ./Core/Src/spi.o
                0x00000000080009d0                HAL_SPI_MspInit
 .text.HAL_MspInit
                0x0000000008000a84       0x64 ./Core/Src/stm32f1xx_hal_msp.o
                0x0000000008000a84                HAL_MspInit
 .text.NMI_Handler
                0x0000000008000ae8        0x6 ./Core/Src/stm32f1xx_it.o
                0x0000000008000ae8                NMI_Handler
 .text.HardFault_Handler
                0x0000000008000aee        0x6 ./Core/Src/stm32f1xx_it.o
                0x0000000008000aee                HardFault_Handler
 .text.MemManage_Handler
                0x0000000008000af4        0x6 ./Core/Src/stm32f1xx_it.o
                0x0000000008000af4                MemManage_Handler
 .text.BusFault_Handler
                0x0000000008000afa        0x6 ./Core/Src/stm32f1xx_it.o
                0x0000000008000afa                BusFault_Handler
 .text.UsageFault_Handler
                0x0000000008000b00        0x6 ./Core/Src/stm32f1xx_it.o
                0x0000000008000b00                UsageFault_Handler
 .text.SVC_Handler
                0x0000000008000b06        0xc ./Core/Src/stm32f1xx_it.o
                0x0000000008000b06                SVC_Handler
 .text.DebugMon_Handler
                0x0000000008000b12        0xc ./Core/Src/stm32f1xx_it.o
                0x0000000008000b12                DebugMon_Handler
 .text.PendSV_Handler
                0x0000000008000b1e        0xc ./Core/Src/stm32f1xx_it.o
                0x0000000008000b1e                PendSV_Handler
 .text.SysTick_Handler
                0x0000000008000b2a        0xc ./Core/Src/stm32f1xx_it.o
                0x0000000008000b2a                SysTick_Handler
 .text.EXTI9_5_IRQHandler
                0x0000000008000b36       0x1e ./Core/Src/stm32f1xx_it.o
                0x0000000008000b36                EXTI9_5_IRQHandler
 .text.TIM4_IRQHandler
                0x0000000008000b54       0x14 ./Core/Src/stm32f1xx_it.o
                0x0000000008000b54                TIM4_IRQHandler
 .text.EXTI15_10_IRQHandler
                0x0000000008000b68       0x20 ./Core/Src/stm32f1xx_it.o
                0x0000000008000b68                EXTI15_10_IRQHandler
 .text.SystemInit
                0x0000000008000b88        0xc ./Core/Src/system_stm32f1xx.o
                0x0000000008000b88                SystemInit
 .text.MX_TIM2_Init
                0x0000000008000b94       0x98 ./Core/Src/tim.o
                0x0000000008000b94                MX_TIM2_Init
 .text.MX_TIM3_Init
                0x0000000008000c2c      0x118 ./Core/Src/tim.o
                0x0000000008000c2c                MX_TIM3_Init
 .text.MX_TIM4_Init
                0x0000000008000d44       0x9c ./Core/Src/tim.o
                0x0000000008000d44                MX_TIM4_Init
 .text.HAL_TIM_Base_MspInit
                0x0000000008000de0       0x98 ./Core/Src/tim.o
                0x0000000008000de0                HAL_TIM_Base_MspInit
 .text.HAL_TIM_MspPostInit
                0x0000000008000e78       0x98 ./Core/Src/tim.o
                0x0000000008000e78                HAL_TIM_MspPostInit
 .text.Reset_Handler
                0x0000000008000f10       0x48 ./Core/Startup/startup_stm32f103c8tx.o
                0x0000000008000f10                Reset_Handler
 .text.Default_Handler
                0x0000000008000f58        0x2 ./Core/Startup/startup_stm32f103c8tx.o
                0x0000000008000f58                USBWakeUp_IRQHandler
                0x0000000008000f58                EXTI2_IRQHandler
                0x0000000008000f58                TIM1_CC_IRQHandler
                0x0000000008000f58                PVD_IRQHandler
                0x0000000008000f58                EXTI3_IRQHandler
                0x0000000008000f58                EXTI0_IRQHandler
                0x0000000008000f58                I2C2_EV_IRQHandler
                0x0000000008000f58                ADC1_2_IRQHandler
                0x0000000008000f58                SPI1_IRQHandler
                0x0000000008000f58                TAMPER_IRQHandler
                0x0000000008000f58                DMA1_Channel4_IRQHandler
                0x0000000008000f58                USART3_IRQHandler
                0x0000000008000f58                RTC_IRQHandler
                0x0000000008000f58                DMA1_Channel7_IRQHandler
                0x0000000008000f58                CAN1_RX1_IRQHandler
                0x0000000008000f58                I2C1_EV_IRQHandler
                0x0000000008000f58                DMA1_Channel6_IRQHandler
                0x0000000008000f58                TIM3_IRQHandler
                0x0000000008000f58                RCC_IRQHandler
                0x0000000008000f58                TIM1_TRG_COM_IRQHandler
                0x0000000008000f58                DMA1_Channel1_IRQHandler
                0x0000000008000f58                Default_Handler
                0x0000000008000f58                SPI2_IRQHandler
                0x0000000008000f58                DMA1_Channel5_IRQHandler
                0x0000000008000f58                EXTI4_IRQHandler
                0x0000000008000f58                USB_LP_CAN1_RX0_IRQHandler
                0x0000000008000f58                USB_HP_CAN1_TX_IRQHandler
                0x0000000008000f58                DMA1_Channel3_IRQHandler
                0x0000000008000f58                TIM1_UP_IRQHandler
                0x0000000008000f58                WWDG_IRQHandler
                0x0000000008000f58                TIM2_IRQHandler
                0x0000000008000f58                TIM1_BRK_IRQHandler
                0x0000000008000f58                EXTI1_IRQHandler
                0x0000000008000f58                USART2_IRQHandler
                0x0000000008000f58                I2C2_ER_IRQHandler
                0x0000000008000f58                DMA1_Channel2_IRQHandler
                0x0000000008000f58                CAN1_SCE_IRQHandler
                0x0000000008000f58                FLASH_IRQHandler
                0x0000000008000f58                USART1_IRQHandler
                0x0000000008000f58                I2C1_ER_IRQHandler
                0x0000000008000f58                RTC_Alarm_IRQHandler
 *fill*         0x0000000008000f5a        0x2 
 .text.HAL_Init
                0x0000000008000f5c       0x2c ./Drivers/STM32F1xx_HAL_Driver/Src/stm32f1xx_hal.o
                0x0000000008000f5c                HAL_Init
 .text.HAL_InitTick
                0x0000000008000f88       0x60 ./Drivers/STM32F1xx_HAL_Driver/Src/stm32f1xx_hal.o
                0x0000000008000f88                HAL_InitTick
 .text.HAL_IncTick
                0x0000000008000fe8       0x24 ./Drivers/STM32F1xx_HAL_Driver/Src/stm32f1xx_hal.o
                0x0000000008000fe8                HAL_IncTick
 .text.HAL_GetTick
                0x000000000800100c       0x14 ./Drivers/STM32F1xx_HAL_Driver/Src/stm32f1xx_hal.o
                0x000000000800100c                HAL_GetTick
 .text.HAL_Delay
                0x0000000008001020       0x48 ./Drivers/STM32F1xx_HAL_Driver/Src/stm32f1xx_hal.o
                0x0000000008001020                HAL_Delay
 .text.__NVIC_SetPriorityGrouping
                0x0000000008001068       0x48 ./Drivers/STM32F1xx_HAL_Driver/Src/stm32f1xx_hal_cortex.o
 .text.__NVIC_GetPriorityGrouping
                0x00000000080010b0       0x1c ./Drivers/STM32F1xx_HAL_Driver/Src/stm32f1xx_hal_cortex.o
 .text.__NVIC_EnableIRQ
                0x00000000080010cc       0x38 ./Drivers/STM32F1xx_HAL_Driver/Src/stm32f1xx_hal_cortex.o
 .text.__NVIC_SetPriority
                0x0000000008001104       0x54 ./Drivers/STM32F1xx_HAL_Driver/Src/stm32f1xx_hal_cortex.o
 .text.NVIC_EncodePriority
                0x0000000008001158       0x64 ./Drivers/STM32F1xx_HAL_Driver/Src/stm32f1xx_hal_cortex.o
 .text.SysTick_Config
                0x00000000080011bc       0x44 ./Drivers/STM32F1xx_HAL_Driver/Src/stm32f1xx_hal_cortex.o
 .text.HAL_NVIC_SetPriorityGrouping
                0x0000000008001200       0x16 ./Drivers/STM32F1xx_HAL_Driver/Src/stm32f1xx_hal_cortex.o
                0x0000000008001200                HAL_NVIC_SetPriorityGrouping
 .text.HAL_NVIC_SetPriority
                0x0000000008001216       0x38 ./Drivers/STM32F1xx_HAL_Driver/Src/stm32f1xx_hal_cortex.o
                0x0000000008001216                HAL_NVIC_SetPriority
 .text.HAL_NVIC_EnableIRQ
                0x000000000800124e       0x1c ./Drivers/STM32F1xx_HAL_Driver/Src/stm32f1xx_hal_cortex.o
                0x000000000800124e                HAL_NVIC_EnableIRQ
 .text.HAL_SYSTICK_Config
                0x000000000800126a       0x18 ./Drivers/STM32F1xx_HAL_Driver/Src/stm32f1xx_hal_cortex.o
                0x000000000800126a                HAL_SYSTICK_Config
 *fill*         0x0000000008001282        0x2 
 .text.HAL_GPIO_Init
                0x0000000008001284      0x308 ./Drivers/STM32F1xx_HAL_Driver/Src/stm32f1xx_hal_gpio.o
                0x0000000008001284                HAL_GPIO_Init
 .text.HAL_GPIO_WritePin
                0x000000000800158c       0x30 ./Drivers/STM32F1xx_HAL_Driver/Src/stm32f1xx_hal_gpio.o
                0x000000000800158c                HAL_GPIO_WritePin
 .text.HAL_GPIO_TogglePin
                0x00000000080015bc       0x32 ./Drivers/STM32F1xx_HAL_Driver/Src/stm32f1xx_hal_gpio.o
                0x00000000080015bc                HAL_GPIO_TogglePin
 *fill*         0x00000000080015ee        0x2 
 .text.HAL_GPIO_EXTI_IRQHandler
                0x00000000080015f0       0x30 ./Drivers/STM32F1xx_HAL_Driver/Src/stm32f1xx_hal_gpio.o
                0x00000000080015f0                HAL_GPIO_EXTI_IRQHandler
 .text.HAL_RCC_OscConfig
                0x0000000008001620      0x504 ./Drivers/STM32F1xx_HAL_Driver/Src/stm32f1xx_hal_rcc.o
                0x0000000008001620                HAL_RCC_OscConfig
 .text.HAL_RCC_ClockConfig
                0x0000000008001b24      0x1d4 ./Drivers/STM32F1xx_HAL_Driver/Src/stm32f1xx_hal_rcc.o
                0x0000000008001b24                HAL_RCC_ClockConfig
 .text.HAL_RCC_GetSysClockFreq
                0x0000000008001cf8       0xa8 ./Drivers/STM32F1xx_HAL_Driver/Src/stm32f1xx_hal_rcc.o
                0x0000000008001cf8                HAL_RCC_GetSysClockFreq
 .text.RCC_Delay
                0x0000000008001da0       0x3c ./Drivers/STM32F1xx_HAL_Driver/Src/stm32f1xx_hal_rcc.o
 .text.HAL_SPI_Init
                0x0000000008001ddc      0x108 ./Drivers/STM32F1xx_HAL_Driver/Src/stm32f1xx_hal_spi.o
                0x0000000008001ddc                HAL_SPI_Init
 .text.HAL_SPI_Transmit
                0x0000000008001ee4      0x286 ./Drivers/STM32F1xx_HAL_Driver/Src/stm32f1xx_hal_spi.o
                0x0000000008001ee4                HAL_SPI_Transmit
 .text.HAL_SPI_Receive
                0x000000000800216a      0x230 ./Drivers/STM32F1xx_HAL_Driver/Src/stm32f1xx_hal_spi.o
                0x000000000800216a                HAL_SPI_Receive
 .text.HAL_SPI_TransmitReceive
                0x000000000800239a      0x360 ./Drivers/STM32F1xx_HAL_Driver/Src/stm32f1xx_hal_spi.o
                0x000000000800239a                HAL_SPI_TransmitReceive
 *fill*         0x00000000080026fa        0x2 
 .text.SPI_WaitFlagStateUntilTimeout
                0x00000000080026fc      0x110 ./Drivers/STM32F1xx_HAL_Driver/Src/stm32f1xx_hal_spi.o
 .text.SPI_EndRxTransaction
                0x000000000800280c       0xa4 ./Drivers/STM32F1xx_HAL_Driver/Src/stm32f1xx_hal_spi.o
 .text.SPI_EndRxTxTransaction
                0x00000000080028b0       0x3c ./Drivers/STM32F1xx_HAL_Driver/Src/stm32f1xx_hal_spi.o
 .text.HAL_TIM_Base_Init
                0x00000000080028ec       0x9e ./Drivers/STM32F1xx_HAL_Driver/Src/stm32f1xx_hal_tim.o
                0x00000000080028ec                HAL_TIM_Base_Init
 *fill*         0x000000000800298a        0x2 
 .text.HAL_TIM_Base_Start_IT
                0x000000000800298c       0xa4 ./Drivers/STM32F1xx_HAL_Driver/Src/stm32f1xx_hal_tim.o
                0x000000000800298c                HAL_TIM_Base_Start_IT
 .text.HAL_TIM_PWM_Init
                0x0000000008002a30       0x9e ./Drivers/STM32F1xx_HAL_Driver/Src/stm32f1xx_hal_tim.o
                0x0000000008002a30                HAL_TIM_PWM_Init
 .text.HAL_TIM_PWM_MspInit
                0x0000000008002ace       0x12 ./Drivers/STM32F1xx_HAL_Driver/Src/stm32f1xx_hal_tim.o
                0x0000000008002ace                HAL_TIM_PWM_MspInit
 .text.HAL_TIM_PWM_Start
                0x0000000008002ae0      0x144 ./Drivers/STM32F1xx_HAL_Driver/Src/stm32f1xx_hal_tim.o
                0x0000000008002ae0                HAL_TIM_PWM_Start
 .text.HAL_TIM_IRQHandler
                0x0000000008002c24      0x210 ./Drivers/STM32F1xx_HAL_Driver/Src/stm32f1xx_hal_tim.o
                0x0000000008002c24                HAL_TIM_IRQHandler
 .text.HAL_TIM_PWM_ConfigChannel
                0x0000000008002e34      0x184 ./Drivers/STM32F1xx_HAL_Driver/Src/stm32f1xx_hal_tim.o
                0x0000000008002e34                HAL_TIM_PWM_ConfigChannel
 .text.HAL_TIM_ConfigClockSource
                0x0000000008002fb8      0x18e ./Drivers/STM32F1xx_HAL_Driver/Src/stm32f1xx_hal_tim.o
                0x0000000008002fb8                HAL_TIM_ConfigClockSource
 .text.HAL_TIM_OC_DelayElapsedCallback
                0x0000000008003146       0x12 ./Drivers/STM32F1xx_HAL_Driver/Src/stm32f1xx_hal_tim.o
                0x0000000008003146                HAL_TIM_OC_DelayElapsedCallback
 .text.HAL_TIM_IC_CaptureCallback
                0x0000000008003158       0x12 ./Drivers/STM32F1xx_HAL_Driver/Src/stm32f1xx_hal_tim.o
                0x0000000008003158                HAL_TIM_IC_CaptureCallback
 .text.HAL_TIM_PWM_PulseFinishedCallback
                0x000000000800316a       0x12 ./Drivers/STM32F1xx_HAL_Driver/Src/stm32f1xx_hal_tim.o
                0x000000000800316a                HAL_TIM_PWM_PulseFinishedCallback
 .text.HAL_TIM_TriggerCallback
                0x000000000800317c       0x12 ./Drivers/STM32F1xx_HAL_Driver/Src/stm32f1xx_hal_tim.o
                0x000000000800317c                HAL_TIM_TriggerCallback
 *fill*         0x000000000800318e        0x2 
 .text.TIM_Base_SetConfig
                0x0000000008003190       0xc4 ./Drivers/STM32F1xx_HAL_Driver/Src/stm32f1xx_hal_tim.o
                0x0000000008003190                TIM_Base_SetConfig
 .text.TIM_OC1_SetConfig
                0x0000000008003254       0xcc ./Drivers/STM32F1xx_HAL_Driver/Src/stm32f1xx_hal_tim.o
 .text.TIM_OC2_SetConfig
                0x0000000008003320       0xd4 ./Drivers/STM32F1xx_HAL_Driver/Src/stm32f1xx_hal_tim.o
                0x0000000008003320                TIM_OC2_SetConfig
 .text.TIM_OC3_SetConfig
                0x00000000080033f4       0xd4 ./Drivers/STM32F1xx_HAL_Driver/Src/stm32f1xx_hal_tim.o
 .text.TIM_OC4_SetConfig
                0x00000000080034c8       0x9c ./Drivers/STM32F1xx_HAL_Driver/Src/stm32f1xx_hal_tim.o
 .text.TIM_TI1_ConfigInputStage
                0x0000000008003564       0x5c ./Drivers/STM32F1xx_HAL_Driver/Src/stm32f1xx_hal_tim.o
 .text.TIM_TI2_ConfigInputStage
                0x00000000080035c0       0x5e ./Drivers/STM32F1xx_HAL_Driver/Src/stm32f1xx_hal_tim.o
 .text.TIM_ITRx_SetConfig
                0x000000000800361e       0x34 ./Drivers/STM32F1xx_HAL_Driver/Src/stm32f1xx_hal_tim.o
 .text.TIM_ETR_SetConfig
                0x0000000008003652       0x3e ./Drivers/STM32F1xx_HAL_Driver/Src/stm32f1xx_hal_tim.o
                0x0000000008003652                TIM_ETR_SetConfig
 .text.TIM_CCxChannelCmd
                0x0000000008003690       0x48 ./Drivers/STM32F1xx_HAL_Driver/Src/stm32f1xx_hal_tim.o
                0x0000000008003690                TIM_CCxChannelCmd
 .text.HAL_TIMEx_MasterConfigSynchronization
                0x00000000080036d8       0xbc ./Drivers/STM32F1xx_HAL_Driver/Src/stm32f1xx_hal_tim_ex.o
                0x00000000080036d8                HAL_TIMEx_MasterConfigSynchronization
 .text.HAL_TIMEx_CommutCallback
                0x0000000008003794       0x12 ./Drivers/STM32F1xx_HAL_Driver/Src/stm32f1xx_hal_tim_ex.o
                0x0000000008003794                HAL_TIMEx_CommutCallback
 .text.HAL_TIMEx_BreakCallback
                0x00000000080037a6       0x12 ./Drivers/STM32F1xx_HAL_Driver/Src/stm32f1xx_hal_tim_ex.o
                0x00000000080037a6                HAL_TIMEx_BreakCallback
 .text.memset   0x00000000080037b8       0x10 /Applications/STM32CubeIDE.app/Contents/Eclipse/plugins/com.st.stm32cube.ide.mcu.externaltools.gnu-tools-for-stm32.11.3.rel1.macos64_1.1.100.202310310803/tools/bin/../lib/gcc/arm-none-eabi/11.3.1/../../../../arm-none-eabi/lib/thumb/v7-m/nofp/libc_nano.a(libc_a-memset.o)
                0x00000000080037b8                memset
 .text.__libc_init_array
                0x00000000080037c8       0x48 /Applications/STM32CubeIDE.app/Contents/Eclipse/plugins/com.st.stm32cube.ide.mcu.externaltools.gnu-tools-for-stm32.11.3.rel1.macos64_1.1.100.202310310803/tools/bin/../lib/gcc/arm-none-eabi/11.3.1/../../../../arm-none-eabi/lib/thumb/v7-m/nofp/libc_nano.a(libc_a-init.o)
                0x00000000080037c8                __libc_init_array
 .text.memcpy   0x0000000008003810       0x1c /Applications/STM32CubeIDE.app/Contents/Eclipse/plugins/com.st.stm32cube.ide.mcu.externaltools.gnu-tools-for-stm32.11.3.rel1.macos64_1.1.100.202310310803/tools/bin/../lib/gcc/arm-none-eabi/11.3.1/../../../../arm-none-eabi/lib/thumb/v7-m/nofp/libc_nano.a(libc_a-memcpy-stub.o)
                0x0000000008003810                memcpy
 *(.glue_7)
 .glue_7        0x000000000800382c        0x0 linker stubs
 *(.glue_7t)
 .glue_7t       0x000000000800382c        0x0 linker stubs
 *(.eh_frame)
 .eh_frame      0x000000000800382c        0x0 /Applications/STM32CubeIDE.app/Contents/Eclipse/plugins/com.st.stm32cube.ide.mcu.externaltools.gnu-tools-for-stm32.11.3.rel1.macos64_1.1.100.202310310803/tools/bin/../lib/gcc/arm-none-eabi/11.3.1/thumb/v7-m/nofp/crtbegin.o
 *(.init)
 .init          0x000000000800382c        0x4 /Applications/STM32CubeIDE.app/Contents/Eclipse/plugins/com.st.stm32cube.ide.mcu.externaltools.gnu-tools-for-stm32.11.3.rel1.macos64_1.1.100.202310310803/tools/bin/../lib/gcc/arm-none-eabi/11.3.1/thumb/v7-m/nofp/crti.o
                0x000000000800382c                _init
 .init          0x0000000008003830        0x8 /Applications/STM32CubeIDE.app/Contents/Eclipse/plugins/com.st.stm32cube.ide.mcu.externaltools.gnu-tools-for-stm32.11.3.rel1.macos64_1.1.100.202310310803/tools/bin/../lib/gcc/arm-none-eabi/11.3.1/thumb/v7-m/nofp/crtn.o
 *(.fini)
 .fini          0x0000000008003838        0x4 /Applications/STM32CubeIDE.app/Contents/Eclipse/plugins/com.st.stm32cube.ide.mcu.externaltools.gnu-tools-for-stm32.11.3.rel1.macos64_1.1.100.202310310803/tools/bin/../lib/gcc/arm-none-eabi/11.3.1/thumb/v7-m/nofp/crti.o
                0x0000000008003838                _fini
 .fini          0x000000000800383c        0x8 /Applications/STM32CubeIDE.app/Contents/Eclipse/plugins/com.st.stm32cube.ide.mcu.externaltools.gnu-tools-for-stm32.11.3.rel1.macos64_1.1.100.202310310803/tools/bin/../lib/gcc/arm-none-eabi/11.3.1/thumb/v7-m/nofp/crtn.o
                0x0000000008003844                . = ALIGN (0x4)
                0x0000000008003844                _etext = .

.vfp11_veneer   0x0000000008003844        0x0
 .vfp11_veneer  0x0000000008003844        0x0 linker stubs

.v4_bx          0x0000000008003844        0x0
 .v4_bx         0x0000000008003844        0x0 linker stubs

.iplt           0x0000000008003844        0x0
 .iplt          0x0000000008003844        0x0 /Applications/STM32CubeIDE.app/Contents/Eclipse/plugins/com.st.stm32cube.ide.mcu.externaltools.gnu-tools-for-stm32.11.3.rel1.macos64_1.1.100.202310310803/tools/bin/../lib/gcc/arm-none-eabi/11.3.1/thumb/v7-m/nofp/crtbegin.o

.rodata         0x0000000008003844       0x2c
                0x0000000008003844                . = ALIGN (0x4)
 *(.rodata)
 *(.rodata*)
 .rodata.rx_address
                0x0000000008003844        0x5 ./Core/Src/main.o
                0x0000000008003844                rx_address
 *fill*         0x0000000008003849        0x3 
 .rodata.AHBPrescTable
                0x000000000800384c       0x10 ./Core/Src/system_stm32f1xx.o
                0x000000000800384c                AHBPrescTable
 .rodata.aPLLMULFactorTable.1
                0x000000000800385c       0x10 ./Drivers/STM32F1xx_HAL_Driver/Src/stm32f1xx_hal_rcc.o
 .rodata.aPredivFactorTable.0
                0x000000000800386c        0x2 ./Drivers/STM32F1xx_HAL_Driver/Src/stm32f1xx_hal_rcc.o
                0x0000000008003870                . = ALIGN (0x4)
 *fill*         0x000000000800386e        0x2 

.rel.dyn        0x0000000008003870        0x0
 .rel.iplt      0x0000000008003870        0x0 /Applications/STM32CubeIDE.app/Contents/Eclipse/plugins/com.st.stm32cube.ide.mcu.externaltools.gnu-tools-for-stm32.11.3.rel1.macos64_1.1.100.202310310803/tools/bin/../lib/gcc/arm-none-eabi/11.3.1/thumb/v7-m/nofp/crtbegin.o

.ARM.extab      0x0000000008003870        0x0
                0x0000000008003870                . = ALIGN (0x4)
 *(.ARM.extab* .gnu.linkonce.armextab.*)
                0x0000000008003870                . = ALIGN (0x4)

.ARM            0x0000000008003870        0x0
                0x0000000008003870                . = ALIGN (0x4)
                0x0000000008003870                __exidx_start = .
 *(.ARM.exidx*)
                0x0000000008003870                __exidx_end = .
                0x0000000008003870                . = ALIGN (0x4)

.preinit_array  0x0000000008003870        0x0
                0x0000000008003870                . = ALIGN (0x4)
                0x0000000008003870                PROVIDE (__preinit_array_start = .)
 *(.preinit_array*)
                0x0000000008003870                PROVIDE (__preinit_array_end = .)
                0x0000000008003870                . = ALIGN (0x4)

.init_array     0x0000000008003870        0x4
                0x0000000008003870                . = ALIGN (0x4)
                0x0000000008003870                PROVIDE (__init_array_start = .)
 *(SORT_BY_NAME(.init_array.*))
 *(.init_array*)
 .init_array    0x0000000008003870        0x4 /Applications/STM32CubeIDE.app/Contents/Eclipse/plugins/com.st.stm32cube.ide.mcu.externaltools.gnu-tools-for-stm32.11.3.rel1.macos64_1.1.100.202310310803/tools/bin/../lib/gcc/arm-none-eabi/11.3.1/thumb/v7-m/nofp/crtbegin.o
                0x0000000008003874                PROVIDE (__init_array_end = .)
                0x0000000008003874                . = ALIGN (0x4)

.fini_array     0x0000000008003874        0x4
                0x0000000008003874                . = ALIGN (0x4)
                [!provide]                        PROVIDE (__fini_array_start = .)
 *(SORT_BY_NAME(.fini_array.*))
 *(.fini_array*)
 .fini_array    0x0000000008003874        0x4 /Applications/STM32CubeIDE.app/Contents/Eclipse/plugins/com.st.stm32cube.ide.mcu.externaltools.gnu-tools-for-stm32.11.3.rel1.macos64_1.1.100.202310310803/tools/bin/../lib/gcc/arm-none-eabi/11.3.1/thumb/v7-m/nofp/crtbegin.o
                [!provide]                        PROVIDE (__fini_array_end = .)
                0x0000000008003878                . = ALIGN (0x4)
                0x0000000008003878                _sidata = LOADADDR (.data)

.data           0x0000000020000000       0x14 load address 0x0000000008003878
                0x0000000020000000                . = ALIGN (0x4)
                0x0000000020000000                _sdata = .
 *(.data)
 *(.data*)
 .data.enable   0x0000000020000000        0x3 ./Core/Src/main.o
                0x0000000020000000                enable
 *fill*         0x0000000020000003        0x1 
 .data.hand_enable
                0x0000000020000004        0x2 ./Core/Src/main.o
                0x0000000020000004                hand_enable
 *fill*         0x0000000020000006        0x2 
 .data.SystemCoreClock
                0x0000000020000008        0x4 ./Core/Src/system_stm32f1xx.o
                0x0000000020000008                SystemCoreClock
 .data.uwTickPrio
                0x000000002000000c        0x4 ./Drivers/STM32F1xx_HAL_Driver/Src/stm32f1xx_hal.o
                0x000000002000000c                uwTickPrio
 .data.uwTickFreq
                0x0000000020000010        0x1 ./Drivers/STM32F1xx_HAL_Driver/Src/stm32f1xx_hal.o
                0x0000000020000010                uwTickFreq
 *(.RamFunc)
 *(.RamFunc*)
                0x0000000020000014                . = ALIGN (0x4)
 *fill*         0x0000000020000011        0x3 
                0x0000000020000014                _edata = .

.igot.plt       0x0000000020000014        0x0 load address 0x000000000800388c
 .igot.plt      0x0000000020000014        0x0 /Applications/STM32CubeIDE.app/Contents/Eclipse/plugins/com.st.stm32cube.ide.mcu.externaltools.gnu-tools-for-stm32.11.3.rel1.macos64_1.1.100.202310310803/tools/bin/../lib/gcc/arm-none-eabi/11.3.1/thumb/v7-m/nofp/crtbegin.o
                0x0000000020000014                . = ALIGN (0x4)

.bss            0x0000000020000014      0x158 load address 0x000000000800388c
                0x0000000020000014                _sbss = .
                0x0000000020000014                __bss_start__ = _sbss
 *(.bss)
 .bss           0x0000000020000014       0x1c /Applications/STM32CubeIDE.app/Contents/Eclipse/plugins/com.st.stm32cube.ide.mcu.externaltools.gnu-tools-for-stm32.11.3.rel1.macos64_1.1.100.202310310803/tools/bin/../lib/gcc/arm-none-eabi/11.3.1/thumb/v7-m/nofp/crtbegin.o
 *(.bss*)
 .bss.payload   0x0000000020000030        0x4 ./Core/Src/main.o
                0x0000000020000030                payload
 .bss.cycles    0x0000000020000034        0x3 ./Core/Src/main.o
                0x0000000020000034                cycles
 .bss.hand_counter
                0x0000000020000037        0x1 ./Core/Src/main.o
                0x0000000020000037                hand_counter
 .bss.hspi1     0x0000000020000038       0x58 ./Core/Src/spi.o
                0x0000000020000038                hspi1
 .bss.htim2     0x0000000020000090       0x48 ./Core/Src/tim.o
                0x0000000020000090                htim2
 .bss.htim3     0x00000000200000d8       0x48 ./Core/Src/tim.o
                0x00000000200000d8                htim3
 .bss.htim4     0x0000000020000120       0x48 ./Core/Src/tim.o
                0x0000000020000120                htim4
 .bss.uwTick    0x0000000020000168        0x4 ./Drivers/STM32F1xx_HAL_Driver/Src/stm32f1xx_hal.o
                0x0000000020000168                uwTick
 *(COMMON)
                0x000000002000016c                . = ALIGN (0x4)
                0x000000002000016c                _ebss = .
                0x000000002000016c                __bss_end__ = _ebss

._user_heap_stack
                0x000000002000016c      0x604 load address 0x000000000800388c
                0x0000000020000170                . = ALIGN (0x8)
 *fill*         0x000000002000016c        0x4 
                [!provide]                        PROVIDE (end = .)
                0x0000000020000170                PROVIDE (_end = .)
                0x0000000020000370                . = (. + _Min_Heap_Size)
 *fill*         0x0000000020000170      0x200 
                0x0000000020000770                . = (. + _Min_Stack_Size)
 *fill*         0x0000000020000370      0x400 
                0x0000000020000770                . = ALIGN (0x8)

/DISCARD/
 libc.a(*)
 libm.a(*)
 libgcc.a(*)

.ARM.attributes
                0x0000000000000000       0x29
 *(.ARM.attributes)
 .ARM.attributes
                0x0000000000000000       0x1d /Applications/STM32CubeIDE.app/Contents/Eclipse/plugins/com.st.stm32cube.ide.mcu.externaltools.gnu-tools-for-stm32.11.3.rel1.macos64_1.1.100.202310310803/tools/bin/../lib/gcc/arm-none-eabi/11.3.1/thumb/v7-m/nofp/crti.o
 .ARM.attributes
                0x000000000000001d       0x2d /Applications/STM32CubeIDE.app/Contents/Eclipse/plugins/com.st.stm32cube.ide.mcu.externaltools.gnu-tools-for-stm32.11.3.rel1.macos64_1.1.100.202310310803/tools/bin/../lib/gcc/arm-none-eabi/11.3.1/thumb/v7-m/nofp/crtbegin.o
 .ARM.attributes
                0x000000000000004a       0x2d ./Core/Src/NRF24L01.o
 .ARM.attributes
                0x0000000000000077       0x2d ./Core/Src/gpio.o
 .ARM.attributes
                0x00000000000000a4       0x2d ./Core/Src/main.o
 .ARM.attributes
                0x00000000000000d1       0x2d ./Core/Src/spi.o
 .ARM.attributes
                0x00000000000000fe       0x2d ./Core/Src/stm32f1xx_hal_msp.o
 .ARM.attributes
                0x000000000000012b       0x2d ./Core/Src/stm32f1xx_it.o
 .ARM.attributes
                0x0000000000000158       0x2d ./Core/Src/system_stm32f1xx.o
 .ARM.attributes
                0x0000000000000185       0x2d ./Core/Src/tim.o
 .ARM.attributes
                0x00000000000001b2       0x21 ./Core/Startup/startup_stm32f103c8tx.o
 .ARM.attributes
                0x00000000000001d3       0x2d ./Drivers/STM32F1xx_HAL_Driver/Src/stm32f1xx_hal.o
 .ARM.attributes
                0x0000000000000200       0x2d ./Drivers/STM32F1xx_HAL_Driver/Src/stm32f1xx_hal_cortex.o
 .ARM.attributes
                0x000000000000022d       0x2d ./Drivers/STM32F1xx_HAL_Driver/Src/stm32f1xx_hal_gpio.o
 .ARM.attributes
                0x000000000000025a       0x2d ./Drivers/STM32F1xx_HAL_Driver/Src/stm32f1xx_hal_rcc.o
 .ARM.attributes
                0x0000000000000287       0x2d ./Drivers/STM32F1xx_HAL_Driver/Src/stm32f1xx_hal_spi.o
 .ARM.attributes
                0x00000000000002b4       0x2d ./Drivers/STM32F1xx_HAL_Driver/Src/stm32f1xx_hal_tim.o
 .ARM.attributes
                0x00000000000002e1       0x2d ./Drivers/STM32F1xx_HAL_Driver/Src/stm32f1xx_hal_tim_ex.o
 .ARM.attributes
                0x000000000000030e       0x2d /Applications/STM32CubeIDE.app/Contents/Eclipse/plugins/com.st.stm32cube.ide.mcu.externaltools.gnu-tools-for-stm32.11.3.rel1.macos64_1.1.100.202310310803/tools/bin/../lib/gcc/arm-none-eabi/11.3.1/../../../../arm-none-eabi/lib/thumb/v7-m/nofp/libc_nano.a(libc_a-memset.o)
 .ARM.attributes
                0x000000000000033b       0x2d /Applications/STM32CubeIDE.app/Contents/Eclipse/plugins/com.st.stm32cube.ide.mcu.externaltools.gnu-tools-for-stm32.11.3.rel1.macos64_1.1.100.202310310803/tools/bin/../lib/gcc/arm-none-eabi/11.3.1/../../../../arm-none-eabi/lib/thumb/v7-m/nofp/libc_nano.a(libc_a-init.o)
 .ARM.attributes
                0x0000000000000368       0x2d /Applications/STM32CubeIDE.app/Contents/Eclipse/plugins/com.st.stm32cube.ide.mcu.externaltools.gnu-tools-for-stm32.11.3.rel1.macos64_1.1.100.202310310803/tools/bin/../lib/gcc/arm-none-eabi/11.3.1/../../../../arm-none-eabi/lib/thumb/v7-m/nofp/libc_nano.a(libc_a-memcpy-stub.o)
 .ARM.attributes
                0x0000000000000395       0x1d /Applications/STM32CubeIDE.app/Contents/Eclipse/plugins/com.st.stm32cube.ide.mcu.externaltools.gnu-tools-for-stm32.11.3.rel1.macos64_1.1.100.202310310803/tools/bin/../lib/gcc/arm-none-eabi/11.3.1/thumb/v7-m/nofp/crtn.o
OUTPUT(Reciever.elf elf32-littlearm)
LOAD linker stubs
LOAD /Applications/STM32CubeIDE.app/Contents/Eclipse/plugins/com.st.stm32cube.ide.mcu.externaltools.gnu-tools-for-stm32.11.3.rel1.macos64_1.1.100.202310310803/tools/bin/../lib/gcc/arm-none-eabi/11.3.1/../../../../arm-none-eabi/lib/thumb/v7-m/nofp/libc.a
LOAD /Applications/STM32CubeIDE.app/Contents/Eclipse/plugins/com.st.stm32cube.ide.mcu.externaltools.gnu-tools-for-stm32.11.3.rel1.macos64_1.1.100.202310310803/tools/bin/../lib/gcc/arm-none-eabi/11.3.1/../../../../arm-none-eabi/lib/thumb/v7-m/nofp/libm.a
LOAD /Applications/STM32CubeIDE.app/Contents/Eclipse/plugins/com.st.stm32cube.ide.mcu.externaltools.gnu-tools-for-stm32.11.3.rel1.macos64_1.1.100.202310310803/tools/bin/../lib/gcc/arm-none-eabi/11.3.1/thumb/v7-m/nofp/libgcc.a

.comment        0x0000000000000000       0x43
 .comment       0x0000000000000000       0x43 /Applications/STM32CubeIDE.app/Contents/Eclipse/plugins/com.st.stm32cube.ide.mcu.externaltools.gnu-tools-for-stm32.11.3.rel1.macos64_1.1.100.202310310803/tools/bin/../lib/gcc/arm-none-eabi/11.3.1/thumb/v7-m/nofp/crtbegin.o
                                         0x44 (size before relaxing)
 .comment       0x0000000000000043       0x44 ./Core/Src/NRF24L01.o
 .comment       0x0000000000000043       0x44 ./Core/Src/gpio.o
 .comment       0x0000000000000043       0x44 ./Core/Src/main.o
 .comment       0x0000000000000043       0x44 ./Core/Src/spi.o
 .comment       0x0000000000000043       0x44 ./Core/Src/stm32f1xx_hal_msp.o
 .comment       0x0000000000000043       0x44 ./Core/Src/stm32f1xx_it.o
 .comment       0x0000000000000043       0x44 ./Core/Src/system_stm32f1xx.o
 .comment       0x0000000000000043       0x44 ./Core/Src/tim.o
 .comment       0x0000000000000043       0x44 ./Drivers/STM32F1xx_HAL_Driver/Src/stm32f1xx_hal.o
 .comment       0x0000000000000043       0x44 ./Drivers/STM32F1xx_HAL_Driver/Src/stm32f1xx_hal_cortex.o
 .comment       0x0000000000000043       0x44 ./Drivers/STM32F1xx_HAL_Driver/Src/stm32f1xx_hal_gpio.o
 .comment       0x0000000000000043       0x44 ./Drivers/STM32F1xx_HAL_Driver/Src/stm32f1xx_hal_rcc.o
 .comment       0x0000000000000043       0x44 ./Drivers/STM32F1xx_HAL_Driver/Src/stm32f1xx_hal_spi.o
 .comment       0x0000000000000043       0x44 ./Drivers/STM32F1xx_HAL_Driver/Src/stm32f1xx_hal_tim.o
 .comment       0x0000000000000043       0x44 ./Drivers/STM32F1xx_HAL_Driver/Src/stm32f1xx_hal_tim_ex.o

.debug_info     0x0000000000000000     0xade8
 .debug_info    0x0000000000000000      0xc36 ./Core/Src/NRF24L01.o
 .debug_info    0x0000000000000c36      0x44e ./Core/Src/gpio.o
 .debug_info    0x0000000000001084      0xb87 ./Core/Src/main.o
 .debug_info    0x0000000000001c0b      0x849 ./Core/Src/spi.o
 .debug_info    0x0000000000002454      0x1f1 ./Core/Src/stm32f1xx_hal_msp.o
 .debug_info    0x0000000000002645      0x6eb ./Core/Src/stm32f1xx_it.o
 .debug_info    0x0000000000002d30      0x222 ./Core/Src/system_stm32f1xx.o
 .debug_info    0x0000000000002f52      0xc8f ./Core/Src/tim.o
 .debug_info    0x0000000000003be1       0x23 ./Core/Startup/startup_stm32f103c8tx.o
 .debug_info    0x0000000000003c04      0x704 ./Drivers/STM32F1xx_HAL_Driver/Src/stm32f1xx_hal.o
 .debug_info    0x0000000000004308      0xa87 ./Drivers/STM32F1xx_HAL_Driver/Src/stm32f1xx_hal_cortex.o
 .debug_info    0x0000000000004d8f      0x5ab ./Drivers/STM32F1xx_HAL_Driver/Src/stm32f1xx_hal_gpio.o
 .debug_info    0x000000000000533a      0x7d5 ./Drivers/STM32F1xx_HAL_Driver/Src/stm32f1xx_hal_rcc.o
 .debug_info    0x0000000000005b0f     0x1503 ./Drivers/STM32F1xx_HAL_Driver/Src/stm32f1xx_hal_spi.o
 .debug_info    0x0000000000007012     0x293b ./Drivers/STM32F1xx_HAL_Driver/Src/stm32f1xx_hal_tim.o
 .debug_info    0x000000000000994d     0x149b ./Drivers/STM32F1xx_HAL_Driver/Src/stm32f1xx_hal_tim_ex.o

.debug_abbrev   0x0000000000000000     0x1fc9
 .debug_abbrev  0x0000000000000000      0x278 ./Core/Src/NRF24L01.o
 .debug_abbrev  0x0000000000000278      0x161 ./Core/Src/gpio.o
 .debug_abbrev  0x00000000000003d9      0x2f7 ./Core/Src/main.o
 .debug_abbrev  0x00000000000006d0      0x1f1 ./Core/Src/spi.o
 .debug_abbrev  0x00000000000008c1       0xdb ./Core/Src/stm32f1xx_hal_msp.o
 .debug_abbrev  0x000000000000099c      0x1a6 ./Core/Src/stm32f1xx_it.o
 .debug_abbrev  0x0000000000000b42      0x13f ./Core/Src/system_stm32f1xx.o
 .debug_abbrev  0x0000000000000c81      0x243 ./Core/Src/tim.o
 .debug_abbrev  0x0000000000000ec4       0x12 ./Core/Startup/startup_stm32f103c8tx.o
 .debug_abbrev  0x0000000000000ed6      0x201 ./Drivers/STM32F1xx_HAL_Driver/Src/stm32f1xx_hal.o
 .debug_abbrev  0x00000000000010d7      0x2f8 ./Drivers/STM32F1xx_HAL_Driver/Src/stm32f1xx_hal_cortex.o
 .debug_abbrev  0x00000000000013cf      0x1ca ./Drivers/STM32F1xx_HAL_Driver/Src/stm32f1xx_hal_gpio.o
 .debug_abbrev  0x0000000000001599      0x2b3 ./Drivers/STM32F1xx_HAL_Driver/Src/stm32f1xx_hal_rcc.o
 .debug_abbrev  0x000000000000184c      0x284 ./Drivers/STM32F1xx_HAL_Driver/Src/stm32f1xx_hal_spi.o
 .debug_abbrev  0x0000000000001ad0      0x277 ./Drivers/STM32F1xx_HAL_Driver/Src/stm32f1xx_hal_tim.o
 .debug_abbrev  0x0000000000001d47      0x282 ./Drivers/STM32F1xx_HAL_Driver/Src/stm32f1xx_hal_tim_ex.o

.debug_aranges  0x0000000000000000      0xc50
 .debug_aranges
                0x0000000000000000       0xa0 ./Core/Src/NRF24L01.o
 .debug_aranges
                0x00000000000000a0       0x20 ./Core/Src/gpio.o
 .debug_aranges
                0x00000000000000c0       0x60 ./Core/Src/main.o
 .debug_aranges
                0x0000000000000120       0x30 ./Core/Src/spi.o
 .debug_aranges
                0x0000000000000150       0x20 ./Core/Src/stm32f1xx_hal_msp.o
 .debug_aranges
                0x0000000000000170       0x78 ./Core/Src/stm32f1xx_it.o
 .debug_aranges
                0x00000000000001e8       0x28 ./Core/Src/system_stm32f1xx.o
 .debug_aranges
                0x0000000000000210       0x48 ./Core/Src/tim.o
 .debug_aranges
                0x0000000000000258       0x28 ./Core/Startup/startup_stm32f103c8tx.o
 .debug_aranges
                0x0000000000000280       0xe0 ./Drivers/STM32F1xx_HAL_Driver/Src/stm32f1xx_hal.o
 .debug_aranges
                0x0000000000000360      0x100 ./Drivers/STM32F1xx_HAL_Driver/Src/stm32f1xx_hal_cortex.o
 .debug_aranges
                0x0000000000000460       0x58 ./Drivers/STM32F1xx_HAL_Driver/Src/stm32f1xx_hal_gpio.o
 .debug_aranges
                0x00000000000004b8       0x90 ./Drivers/STM32F1xx_HAL_Driver/Src/stm32f1xx_hal_rcc.o
 .debug_aranges
                0x0000000000000548      0x1d0 ./Drivers/STM32F1xx_HAL_Driver/Src/stm32f1xx_hal_spi.o
 .debug_aranges
                0x0000000000000718      0x3d0 ./Drivers/STM32F1xx_HAL_Driver/Src/stm32f1xx_hal_tim.o
 .debug_aranges
                0x0000000000000ae8      0x168 ./Drivers/STM32F1xx_HAL_Driver/Src/stm32f1xx_hal_tim_ex.o

.debug_rnglists
                0x0000000000000000      0x977
 .debug_rnglists
                0x0000000000000000       0x74 ./Core/Src/NRF24L01.o
 .debug_rnglists
                0x0000000000000074       0x14 ./Core/Src/gpio.o
 .debug_rnglists
                0x0000000000000088       0x48 ./Core/Src/main.o
 .debug_rnglists
                0x00000000000000d0       0x20 ./Core/Src/spi.o
 .debug_rnglists
                0x00000000000000f0       0x13 ./Core/Src/stm32f1xx_hal_msp.o
 .debug_rnglists
                0x0000000000000103       0x55 ./Core/Src/stm32f1xx_it.o
 .debug_rnglists
                0x0000000000000158       0x1a ./Core/Src/system_stm32f1xx.o
 .debug_rnglists
                0x0000000000000172       0x36 ./Core/Src/tim.o
 .debug_rnglists
                0x00000000000001a8       0x19 ./Core/Startup/startup_stm32f103c8tx.o
 .debug_rnglists
                0x00000000000001c1       0xa3 ./Drivers/STM32F1xx_HAL_Driver/Src/stm32f1xx_hal.o
 .debug_rnglists
                0x0000000000000264       0xbb ./Drivers/STM32F1xx_HAL_Driver/Src/stm32f1xx_hal_cortex.o
 .debug_rnglists
                0x000000000000031f       0x3f ./Drivers/STM32F1xx_HAL_Driver/Src/stm32f1xx_hal_gpio.o
 .debug_rnglists
                0x000000000000035e       0x6c ./Drivers/STM32F1xx_HAL_Driver/Src/stm32f1xx_hal_rcc.o
 .debug_rnglists
                0x00000000000003ca      0x16e ./Drivers/STM32F1xx_HAL_Driver/Src/stm32f1xx_hal_spi.o
 .debug_rnglists
                0x0000000000000538      0x31a ./Drivers/STM32F1xx_HAL_Driver/Src/stm32f1xx_hal_tim.o
 .debug_rnglists
                0x0000000000000852      0x125 ./Drivers/STM32F1xx_HAL_Driver/Src/stm32f1xx_hal_tim_ex.o

.debug_macro    0x0000000000000000    0x17d15
 .debug_macro   0x0000000000000000      0x2bd ./Core/Src/NRF24L01.o
 .debug_macro   0x00000000000002bd      0xa9c ./Core/Src/NRF24L01.o
 .debug_macro   0x0000000000000d59      0x21b ./Core/Src/NRF24L01.o
 .debug_macro   0x0000000000000f74       0x2e ./Core/Src/NRF24L01.o
 .debug_macro   0x0000000000000fa2       0x22 ./Core/Src/NRF24L01.o
 .debug_macro   0x0000000000000fc4       0x22 ./Core/Src/NRF24L01.o
 .debug_macro   0x0000000000000fe6       0x8e ./Core/Src/NRF24L01.o
 .debug_macro   0x0000000000001074       0x51 ./Core/Src/NRF24L01.o
 .debug_macro   0x00000000000010c5      0x103 ./Core/Src/NRF24L01.o
 .debug_macro   0x00000000000011c8       0x6a ./Core/Src/NRF24L01.o
 .debug_macro   0x0000000000001232      0x1df ./Core/Src/NRF24L01.o
 .debug_macro   0x0000000000001411       0x1c ./Core/Src/NRF24L01.o
 .debug_macro   0x000000000000142d       0x22 ./Core/Src/NRF24L01.o
 .debug_macro   0x000000000000144f       0xbd ./Core/Src/NRF24L01.o
 .debug_macro   0x000000000000150c      0xd23 ./Core/Src/NRF24L01.o
 .debug_macro   0x000000000000222f     0xe09e ./Core/Src/NRF24L01.o
 .debug_macro   0x00000000000102cd       0x6d ./Core/Src/NRF24L01.o
 .debug_macro   0x000000000001033a     0x348d ./Core/Src/NRF24L01.o
 .debug_macro   0x00000000000137c7      0x174 ./Core/Src/NRF24L01.o
 .debug_macro   0x000000000001393b       0x5c ./Core/Src/NRF24L01.o
 .debug_macro   0x0000000000013997      0x5bc ./Core/Src/NRF24L01.o
 .debug_macro   0x0000000000013f53      0x289 ./Core/Src/NRF24L01.o
 .debug_macro   0x00000000000141dc      0x1cb ./Core/Src/NRF24L01.o
 .debug_macro   0x00000000000143a7      0x114 ./Core/Src/NRF24L01.o
 .debug_macro   0x00000000000144bb      0x1b2 ./Core/Src/NRF24L01.o
 .debug_macro   0x000000000001466d       0x27 ./Core/Src/NRF24L01.o
 .debug_macro   0x0000000000014694      0x136 ./Core/Src/NRF24L01.o
 .debug_macro   0x00000000000147ca      0x1bc ./Core/Src/NRF24L01.o
 .debug_macro   0x0000000000014986       0x34 ./Core/Src/NRF24L01.o
 .debug_macro   0x00000000000149ba       0x3c ./Core/Src/NRF24L01.o
 .debug_macro   0x00000000000149f6       0x57 ./Core/Src/NRF24L01.o
 .debug_macro   0x0000000000014a4d       0x87 ./Core/Src/NRF24L01.o
 .debug_macro   0x0000000000014ad4      0x240 ./Core/Src/NRF24L01.o
 .debug_macro   0x0000000000014d14      0x140 ./Core/Src/NRF24L01.o
 .debug_macro   0x0000000000014e54      0x217 ./Core/Src/NRF24L01.o
 .debug_macro   0x000000000001506b      0x8ed ./Core/Src/NRF24L01.o
 .debug_macro   0x0000000000015958       0x83 ./Core/Src/NRF24L01.o
 .debug_macro   0x00000000000159db       0xee ./Core/Src/NRF24L01.o
 .debug_macro   0x0000000000015ac9       0xee ./Core/Src/NRF24L01.o
 .debug_macro   0x0000000000015bb7       0x61 ./Core/Src/NRF24L01.o
 .debug_macro   0x0000000000015c18       0x24 ./Core/Src/NRF24L01.o
 .debug_macro   0x0000000000015c3c       0x43 ./Core/Src/NRF24L01.o
 .debug_macro   0x0000000000015c7f       0x34 ./Core/Src/NRF24L01.o
 .debug_macro   0x0000000000015cb3       0x16 ./Core/Src/NRF24L01.o
 .debug_macro   0x0000000000015cc9       0x43 ./Core/Src/NRF24L01.o
 .debug_macro   0x0000000000015d0c       0x34 ./Core/Src/NRF24L01.o
 .debug_macro   0x0000000000015d40       0x10 ./Core/Src/NRF24L01.o
 .debug_macro   0x0000000000015d50       0x58 ./Core/Src/NRF24L01.o
 .debug_macro   0x0000000000015da8       0x8e ./Core/Src/NRF24L01.o
 .debug_macro   0x0000000000015e36       0x1c ./Core/Src/NRF24L01.o
 .debug_macro   0x0000000000015e52      0x177 ./Core/Src/NRF24L01.o
 .debug_macro   0x0000000000015fc9      0x369 ./Core/Src/NRF24L01.o
 .debug_macro   0x0000000000016332       0x10 ./Core/Src/NRF24L01.o
 .debug_macro   0x0000000000016342       0x35 ./Core/Src/NRF24L01.o
 .debug_macro   0x0000000000016377       0x20 ./Core/Src/NRF24L01.o
 .debug_macro   0x0000000000016397       0x16 ./Core/Src/NRF24L01.o
 .debug_macro   0x00000000000163ad       0x16 ./Core/Src/NRF24L01.o
 .debug_macro   0x00000000000163c3       0x29 ./Core/Src/NRF24L01.o
 .debug_macro   0x00000000000163ec      0x1bc ./Core/Src/gpio.o
 .debug_macro   0x00000000000165a8       0xe8 ./Core/Src/gpio.o
 .debug_macro   0x0000000000016690      0x1dd ./Core/Src/main.o
 .debug_macro   0x000000000001686d      0x1bc ./Core/Src/spi.o
 .debug_macro   0x0000000000016a29      0x1b2 ./Core/Src/stm32f1xx_hal_msp.o
 .debug_macro   0x0000000000016bdb      0x1bc ./Core/Src/stm32f1xx_it.o
 .debug_macro   0x0000000000016d97      0x1a3 ./Core/Src/system_stm32f1xx.o
 .debug_macro   0x0000000000016f3a      0x1bc ./Core/Src/tim.o
 .debug_macro   0x00000000000170f6      0x1c7 ./Drivers/STM32F1xx_HAL_Driver/Src/stm32f1xx_hal.o
 .debug_macro   0x00000000000172bd      0x1a3 ./Drivers/STM32F1xx_HAL_Driver/Src/stm32f1xx_hal_cortex.o
 .debug_macro   0x0000000000017460      0x20e ./Drivers/STM32F1xx_HAL_Driver/Src/stm32f1xx_hal_gpio.o
 .debug_macro   0x000000000001766e      0x1b5 ./Drivers/STM32F1xx_HAL_Driver/Src/stm32f1xx_hal_rcc.o
 .debug_macro   0x0000000000017823      0x1ab ./Drivers/STM32F1xx_HAL_Driver/Src/stm32f1xx_hal_spi.o
 .debug_macro   0x00000000000179ce      0x1a4 ./Drivers/STM32F1xx_HAL_Driver/Src/stm32f1xx_hal_tim.o
 .debug_macro   0x0000000000017b72      0x1a3 ./Drivers/STM32F1xx_HAL_Driver/Src/stm32f1xx_hal_tim_ex.o

.debug_line     0x0000000000000000     0xd3f8
 .debug_line    0x0000000000000000      0xab6 ./Core/Src/NRF24L01.o
 .debug_line    0x0000000000000ab6      0x6d8 ./Core/Src/gpio.o
 .debug_line    0x000000000000118e      0x8fc ./Core/Src/main.o
 .debug_line    0x0000000000001a8a      0x711 ./Core/Src/spi.o
 .debug_line    0x000000000000219b      0x69a ./Core/Src/stm32f1xx_hal_msp.o
 .debug_line    0x0000000000002835      0x7a7 ./Core/Src/stm32f1xx_it.o
 .debug_line    0x0000000000002fdc      0x717 ./Core/Src/system_stm32f1xx.o
 .debug_line    0x00000000000036f3      0x854 ./Core/Src/tim.o
 .debug_line    0x0000000000003f47       0x78 ./Core/Startup/startup_stm32f103c8tx.o
 .debug_line    0x0000000000003fbf      0x944 ./Drivers/STM32F1xx_HAL_Driver/Src/stm32f1xx_hal.o
 .debug_line    0x0000000000004903      0xb2c ./Drivers/STM32F1xx_HAL_Driver/Src/stm32f1xx_hal_cortex.o
 .debug_line    0x000000000000542f      0x9dd ./Drivers/STM32F1xx_HAL_Driver/Src/stm32f1xx_hal_gpio.o
 .debug_line    0x0000000000005e0c      0xd4d ./Drivers/STM32F1xx_HAL_Driver/Src/stm32f1xx_hal_rcc.o
 .debug_line    0x0000000000006b59     0x1bcc ./Drivers/STM32F1xx_HAL_Driver/Src/stm32f1xx_hal_spi.o
 .debug_line    0x0000000000008725     0x3430 ./Drivers/STM32F1xx_HAL_Driver/Src/stm32f1xx_hal_tim.o
 .debug_line    0x000000000000bb55     0x18a3 ./Drivers/STM32F1xx_HAL_Driver/Src/stm32f1xx_hal_tim_ex.o

.debug_str      0x0000000000000000    0x8982b
 .debug_str     0x0000000000000000    0x8699c ./Core/Src/NRF24L01.o
                                      0x86d85 (size before relaxing)
 .debug_str     0x000000000008699c      0x321 ./Core/Src/gpio.o
                                      0x835ee (size before relaxing)
 .debug_str     0x0000000000086cbd      0x530 ./Core/Src/main.o
                                      0x83ce0 (size before relaxing)
 .debug_str     0x00000000000871ed       0x89 ./Core/Src/spi.o
                                      0x83726 (size before relaxing)
 .debug_str     0x0000000000087276       0x2c ./Core/Src/stm32f1xx_hal_msp.o
                                      0x8326f (size before relaxing)
 .debug_str     0x00000000000872a2      0x12d ./Core/Src/stm32f1xx_it.o
                                      0x837ca (size before relaxing)
 .debug_str     0x00000000000873cf       0x7e ./Core/Src/system_stm32f1xx.o
                                      0x82e05 (size before relaxing)
 .debug_str     0x000000000008744d      0x1fe ./Core/Src/tim.o
                                      0x83cc9 (size before relaxing)
 .debug_str     0x000000000008764b       0x34 ./Core/Startup/startup_stm32f103c8tx.o
                                         0x72 (size before relaxing)
 .debug_str     0x000000000008767f      0x37a ./Drivers/STM32F1xx_HAL_Driver/Src/stm32f1xx_hal.o
                                      0x83538 (size before relaxing)
 .debug_str     0x00000000000879f9      0x294 ./Drivers/STM32F1xx_HAL_Driver/Src/stm32f1xx_hal_cortex.o
                                      0x83484 (size before relaxing)
 .debug_str     0x0000000000087c8d      0x29a ./Drivers/STM32F1xx_HAL_Driver/Src/stm32f1xx_hal_gpio.o
                                      0x8318b (size before relaxing)
 .debug_str     0x0000000000087f27      0x229 ./Drivers/STM32F1xx_HAL_Driver/Src/stm32f1xx_hal_rcc.o
                                      0x83234 (size before relaxing)
 .debug_str     0x0000000000088150      0x538 ./Drivers/STM32F1xx_HAL_Driver/Src/stm32f1xx_hal_spi.o
                                      0x83731 (size before relaxing)
 .debug_str     0x0000000000088688      0xd10 ./Drivers/STM32F1xx_HAL_Driver/Src/stm32f1xx_hal_tim.o
                                      0x84226 (size before relaxing)
 .debug_str     0x0000000000089398      0x493 ./Drivers/STM32F1xx_HAL_Driver/Src/stm32f1xx_hal_tim_ex.o
                                      0x83a42 (size before relaxing)

.debug_frame    0x0000000000000000     0x3238
 .debug_frame   0x0000000000000000      0x24c ./Core/Src/NRF24L01.o
 .debug_frame   0x000000000000024c       0x34 ./Core/Src/gpio.o
 .debug_frame   0x0000000000000280      0x128 ./Core/Src/main.o
 .debug_frame   0x00000000000003a8       0x74 ./Core/Src/spi.o
 .debug_frame   0x000000000000041c       0x38 ./Core/Src/stm32f1xx_hal_msp.o
 .debug_frame   0x0000000000000454      0x158 ./Core/Src/stm32f1xx_it.o
 .debug_frame   0x00000000000005ac       0x58 ./Core/Src/system_stm32f1xx.o
 .debug_frame   0x0000000000000604       0xe8 ./Core/Src/tim.o
 .debug_frame   0x00000000000006ec      0x334 ./Drivers/STM32F1xx_HAL_Driver/Src/stm32f1xx_hal.o
 .debug_frame   0x0000000000000a20      0x428 ./Drivers/STM32F1xx_HAL_Driver/Src/stm32f1xx_hal_cortex.o
 .debug_frame   0x0000000000000e48      0x14c ./Drivers/STM32F1xx_HAL_Driver/Src/stm32f1xx_hal_gpio.o
 .debug_frame   0x0000000000000f94      0x218 ./Drivers/STM32F1xx_HAL_Driver/Src/stm32f1xx_hal_rcc.o
 .debug_frame   0x00000000000011ac      0x824 ./Drivers/STM32F1xx_HAL_Driver/Src/stm32f1xx_hal_spi.o
 .debug_frame   0x00000000000019d0     0x11bc ./Drivers/STM32F1xx_HAL_Driver/Src/stm32f1xx_hal_tim.o
 .debug_frame   0x0000000000002b8c      0x638 ./Drivers/STM32F1xx_HAL_Driver/Src/stm32f1xx_hal_tim_ex.o
 .debug_frame   0x00000000000031c4       0x20 /Applications/STM32CubeIDE.app/Contents/Eclipse/plugins/com.st.stm32cube.ide.mcu.externaltools.gnu-tools-for-stm32.11.3.rel1.macos64_1.1.100.202310310803/tools/bin/../lib/gcc/arm-none-eabi/11.3.1/../../../../arm-none-eabi/lib/thumb/v7-m/nofp/libc_nano.a(libc_a-memset.o)
 .debug_frame   0x00000000000031e4       0x2c /Applications/STM32CubeIDE.app/Contents/Eclipse/plugins/com.st.stm32cube.ide.mcu.externaltools.gnu-tools-for-stm32.11.3.rel1.macos64_1.1.100.202310310803/tools/bin/../lib/gcc/arm-none-eabi/11.3.1/../../../../arm-none-eabi/lib/thumb/v7-m/nofp/libc_nano.a(libc_a-init.o)
 .debug_frame   0x0000000000003210       0x28 /Applications/STM32CubeIDE.app/Contents/Eclipse/plugins/com.st.stm32cube.ide.mcu.externaltools.gnu-tools-for-stm32.11.3.rel1.macos64_1.1.100.202310310803/tools/bin/../lib/gcc/arm-none-eabi/11.3.1/../../../../arm-none-eabi/lib/thumb/v7-m/nofp/libc_nano.a(libc_a-memcpy-stub.o)

.debug_line_str
                0x0000000000000000       0x66
 .debug_line_str
                0x0000000000000000       0x66 ./Core/Startup/startup_stm32f103c8tx.o
                                         0x7e (size before relaxing)
